2025-07-05 16:19:00 | WARN | repo=pv243-2015-clustering-seminar | action=commit
2025-05-18 19:33:00 | INFO | repo=pv243-2015-clustering-seminar | action=commit
2025-09-27 17:51:00 | DEBUG | repo=pv243-2015-clustering-seminar | action=test | passed=true
2025-05-15 19:59:00 | DEBUG | repo=pv243-2015-clustering-seminar | action=commit
2025-09-28 13:17:00 | INFO | repo=pv243-2015-clustering-seminar | action=commit
2025-08-10 12:40:00 | WARN | repo=pv243-2015-clustering-seminar | action=commit
2025-06-02 18:33:00 | INFO | repo=pv243-2015-clustering-seminar | action=commit
2025-04-14 17:31:00 | DEBUG | repo=pv243-2015-clustering-seminar | action=commit
2025-05-14 21:37:00 | WARN | repo=pv243-2015-clustering-seminar | action=test | passed=true
2025-04-20 21:26:00 | WARN | repo=pv243-2015-clustering-seminar | action=commit
2025-08-16 14:21:00 | INFO | repo=pv243-2015-clustering-seminar | action=commit
2025-09-23 14:45:00 | WARN | repo=pv243-2015-clustering-seminar | action=edit | files=3
2025-04-05 15:14:00 | DEBUG | repo=pv243-2015-clustering-seminar | action=commit
2025-01-17 17:01:00 | INFO | repo=pv243-2015-clustering-seminar | action=test | passed=true
2025-02-15 21:47:00 | DEBUG | repo=pv243-2015-clustering-seminar | action=commit
2025-04-13 07:04:00 | WARN | repo=pv243-2015-clustering-seminar | action=commit
2025-11-07 16:57:00 | DEBUG | repo=pv243-2015-clustering-seminar | action=commit
2025-04-22 13:32:00 | DEBUG | repo=pv243-2015-clustering-seminar | action=commit
2025-09-13 14:35:00 | DEBUG | repo=pv243-2015-clustering-seminar | action=commit
2025-11-06 09:13:00 | WARN | repo=pv243-2015-clustering-seminar | action=pull
2025-02-18 14:44:00 | INFO | repo=pv243-2015-clustering-seminar | action=commit
2025-08-11 21:58:00 | INFO | repo=pv243-2015-clustering-seminar | action=pull
2025-05-04 10:30:00 | DEBUG | repo=pv243-2015-clustering-seminar | action=commit
2025-04-02 10:34:00 | DEBUG | repo=pv243-2015-clustering-seminar | action=commit
2025-09-22 07:57:00 | INFO | repo=pv243-2015-clustering-seminar | action=commit
2025-11-22 08:16:00 | DEBUG | repo=pv243-2015-clustering-seminar | action=commit
2025-06-19 21:26:00 | WARN | repo=pv243-2015-clustering-seminar | action=commit
2025-05-15 14:04:00 | INFO | repo=pv243-2015-clustering-seminar | action=commit
2025-11-28 08:20:00 | INFO | repo=pv243-2015-clustering-seminar | action=commit
2025-11-14 12:00:00 | DEBUG | repo=pv243-2015-clustering-seminar | action=commit
2025-12-24 18:55:00 | DEBUG | repo=pv243-2015-clustering-seminar | action=edit | files=2
2025-09-07 07:25:00 | DEBUG | repo=pv243-2015-clustering-seminar | action=commit
2025-05-20 17:02:00 | INFO | repo=pv243-2015-clustering-seminar | action=commit
2025-05-21 20:44:00 | WARN | repo=pv243-2015-clustering-seminar | action=commit
